[ Equipe6 => 4 ][ BOSY => 4 ] => tie!
